OK   HP-35   132243272 bytes
OK   HP-45   33068989 bytes
OK   HP-65   34757940 bytes
OK   HP-25   48323974 bytes
OK   HP-67   215456693 bytes
OK   HP-97   379360651 bytes
OK   HP-41C-CV   271059988 bytes
OK   HP-41CX   71131760 bytes
OK   HP-11C   81194969 bytes
OK   HP-12C   47954405 bytes
OK   HP-15C   101663558 bytes
OK   HP-16C   47153032 bytes
OK   HP-28C   59601732 bytes
OK   HP-28S   93451104 bytes
OK   HP-42S   129956848 bytes
OK   HP-48SX   71120816 bytes
OK   HP-48G   91136620 bytes
OK   HP-49G   8050780 bytes
OK   HP-50g   10013054 bytes
OK   HP-35s   3667572 bytes
OK   HP-Prime   10650097 bytes
=== DONE ===
